2026-07-24 06:43:11 [INFO] ============================================================
2026-07-24 06:43:11 [INFO] Run started (output=sbp_circulars.xlsx, category='Microfinance', department='')
2026-07-24 06:43:11 [INFO] Base file has 0 row(s) from the last run
2026-07-24 06:43:39 [INFO] Scraped 51 circular row(s) from the site this run
2026-07-24 06:43:39 [INFO] ============================================================
CHANGE DETECTED since last run
============================================================
Previous count: 0   New count: 51

+ 51 added:
    + Revised Prudential Regulations (PRs) for Microfinance Banks  (https://www.sbp.org.pk/circulars/acfid-circular-no-01-of-2025)
    + FORMAT OF ANNUAL AND INTERIM FINANCIAL STATEMENTS OF MICROFINANCE BANKS (MFBs)  (https://www.sbp.org.pk/circulars/bprd-circular-no-03-of-2023)
    + Shareholding Returns-Banks/DFIs/MFBs  (https://www.sbp.org.pk/circulars/bprd-circular-letter-no-30-of-2022)
    + Revision in Prudential Regulations for Microfinance Banks:
R-5: Maximum Loan Size and Eligibility of Borrowers,
R-8: Classification of Assets and Provisioning Requirements &
R-10: Charging-off Non-Performing Loans (NPLs)  (https://www.sbp.org.pk/circulars/acmfd-circular-no-02-of-2022)
    + Amendments in Prudential Regulations for Microfinance Banks  (https://www.sbp.org.pk/circulars/acmfd-circular-letter-no-02-of-2021)
    + Regulatory Relief to Dampen the Effects of Covid-19 Prudential Regulations for Micro Finance Banks  (https://www.sbp.org.pk/circulars/acmfd-circular-letter-no-01-of-2021)
    + Revision In Prudential Regulations For Microfinance Banks:R - 5: Maximum Loan Size And Eligibility Of Borrowers & R - 6: Maximum Exposure Of A Borrower From MFBs/MFIs/Other Financial Institutions  (https://www.sbp.org.pk/circulars/acmfd-circular-no-02-of-2020)
    + Regulatory Relief to Dampen The Effects Of Covid-19 - Prudential Regulations for Micro Finance Banks  (https://www.sbp.org.pk/circulars/acmfd-circular-letter-no-07-of-2020)
    + REGULATORY RELIEF TO DAMPEN THE EFFECTS OF COVID-19 - PRUDENTIAL REGULATIONS FOR MICRO FINANCE BANKS  (https://www.sbp.org.pk/circulars/acmfd-circular-letter-no-04-of-2020)
    + Regulatory Relief To Dampen The Effects Of Covid-19 - Prudential Regulations For Micro Finance Banks  (https://www.sbp.org.pk/circulars/acmfd-circular-letter-no-01-of-2020)
    + Guidelines on Compliance of Government of Pakistan’s Notifications issued under United Nations Security Council (UNSC) Resolutions  (https://www.sbp.org.pk/circulars/bprd-circular-no-09-of-2019)
    + Fit & Proper Test (Criteria) for Microfinance Banks  (https://www.sbp.org.pk/circulars/acmfd-circular-letter-no-04-of-2019)
    + Housing Finance – Enhancement of Loan Limits for Microfinance Banks  (https://www.sbp.org.pk/circulars/acmfd-circular-no-01-of-2019)
    + Enhancement of Maximum Loans Size for Microenterprises  (https://www.sbp.org.pk/circulars/acmfd-circular-no-03-of-2017)
    + Microfinance Credit Guarantee Facility (MCGF)  (https://www.sbp.org.pk/circulars/acmfd-circular-no-01-of-2017)
    + Membership of Microfinance Banks (MFBs) for Clearing House  (https://www.sbp.org.pk/circulars/psd-circular-no-02-of-2015)
    + Fit & Proper Test (Criteria) for Microfinance Banks  (https://www.sbp.org.pk/circulars/acmfd-circular-no-05-of-2015)
    + Amendment in Prudential Regulation R-5 for Microfinance Banks (MFBs)  (https://www.sbp.org.pk/circulars/acmfd-circular-no-02-of-2015)
    + Amendment in Prudential Regulations (R-1) for Microfinance Banks (MFBs)  (https://www.sbp.org.pk/circulars/bprd-circular-no-10-of-2015)
    + Submission of Bi-weekly Statements of Microfinance Banks through Data Acquisition Portal  (https://www.sbp.org.pk/circulars/osed-circular-letter-no-01-of-2015)
    + Amendment in Microfinance Credit Guarantee Facility (MCGF)  (https://www.sbp.org.pk/circulars/acmfd-circular-no-01-of-2015)
    + Financial Integrity Requirements for service providers to the Banks/MFBs/DFIs  (https://www.sbp.org.pk/circulars/bprd-circular-no-13-of-2014)
    + Revised Prudential Regulations for Microfinance Banks (MFBs)”  (https://www.sbp.org.pk/circulars/acmfd-circular-no-03-of-2014)
    + Microfinance Credit Guarantee Facility (MCGF)  (https://www.sbp.org.pk/circulars/acmfd-circular-no-03-of-2012)
    + All Micro Finance Banks/DFIs/Exchange Companies  (https://www.sbp.org.pk/circulars/circular-no-1-of-2012)
    + Prudential Regulations For Microfinance Banks Revision in PR - 10 & PR - 11  (https://www.sbp.org.pk/circulars/acmfd-circular-no-02-of-2012)
    + Prudential Regulations For Microfinance Banks - Review of Instructions Relating to General Provision Requirements  (https://www.sbp.org.pk/circulars/acmfd-circular-letter-no-01-of-2011)
    + All Micro Finance Banks/DFIs/Exchange Companies  (https://www.sbp.org.pk/circulars/circular-no-1-of-2011)
    + Prudential Regulations for Microfinance Banks  (https://www.sbp.org.pk/circulars/bprd-circular-letter-no-04-of-2011)
    + Relief Measures for Borrowers of Floods Affected Areas  (https://www.sbp.org.pk/circulars/mfd-circular-no-06-2010)
    + Special FCY Borrowing by Micro Finance Banks/Institutions(MFB/Is)  (https://www.sbp.org.pk/circulars/fe-circular-no-08-of-2009)
    + Microfinance Credit Guarantee Facility (MCGF)  (https://www.sbp.org.pk/circulars/bprd-circular-letter-no-26-of-2009)
    + Amendments in Microfinance Credit Guarantee Facility (“MCGF”)  (https://www.sbp.org.pk/circulars/bprd-circular-letter-no-19-of-2009)
    + Amendments in Microfinance Credit Guarantee Facility (“MCGF”)  (https://www.sbp.org.pk/circulars/bprd-circular-no-10-of-2009)
    + Financing Facilities By Banks/DFIs to Microfinance Banks (MFBs) and Micro Finance Institutions (MFIs)  (https://www.sbp.org.pk/circulars/bprd-circular-letter-no-15)
    + FINANCING FACILITIES BY BANKS/DFIs TO MICROFINANCE BANKS (MFBs) AND MICRO FINANCE INSTITUTIONS (MFIs)  (https://www.sbp.org.pk/circulars/bprd-circular-no-15-of-2008)
    + AMENDMENT IN REVISED PRUDENTIAL REGULATION FOR MICROFINANCE BANKs (MFBs)  (https://www.sbp.org.pk/circulars/bprd-circular-no-10-of-2008)
    + REVISED PRUDENTIAL REGULATIONS FOR MICROFINANCE BANKS (MFBS)  (https://www.sbp.org.pk/circulars/bprd-circular-no-01)
    + Revised Prudential Regulations for Microfinance Banks (Mfbs)  (https://www.sbp.org.pk/circulars/bprd-circular-no-01-of-2007)
    + Submission of Periodical Returns and Minutes of Board of Directors’/General Meetings  (https://www.sbp.org.pk/circulars/mfd-circular-letter-no-1-of-2007)
    + AMENDMENTS IN PRUDENTIAL REGULATION NOS. 12 AND 14 FOR MICROFINANCE BANKS (MFBS)  (https://www.sbp.org.pk/circulars/smed-circular-no-10)
    + GUIDELINES FOR COMMERCIAL BANKS TO UNDERTAKE MICROFINANCE BUSINESS  (https://www.sbp.org.pk/circulars/smed-circular-no-11)
    + Guidelines for Commercial Banks to Undertake Microfinance Business  (https://www.sbp.org.pk/circulars/smed-circular-no-10-of-2006)
    + Prudential Regulations for Commercial Banks to undertake Micro Finance Business  (https://www.sbp.org.pk/circulars/smed-circular-no-11-of-2006)
    + Amendments in Prudential Regulation Nos. 12 And 14 for Microfinance Banks (MFBs)  (https://www.sbp.org.pk/circulars/smed-circular-no-7-of-2006)
    + Fit & Proper Criteria for Board Members and President/Chief Executive of Microfinance Banks  (https://www.sbp.org.pk/circulars/bsd-circular-no-2-of-2005)
    + CREDIT RATING OF MICROFINANCE BANKS PRUDENTIAL REGULATION 29 FOR MICROFINANCE BANKS  (https://www.sbp.org.pk/circulars/bsd-circular-no-11)
    + GUIDELINES FOR MOBILE BANKING OPERATIONS OF MICROFINANCE BANKS/ INSTITUTIONS  (https://www.sbp.org.pk/circulars/bsd-circular-no-10)
    + Guidelines For Mobile Banking Operations Of Microfinance Banks/ Institutions  (https://www.sbp.org.pk/circulars/bsd-circular-no-2-of-2003)
    + MICRO FINANCE INSTITUTIONS – BRANCH LICENSING POLICY  (https://www.sbp.org.pk/circulars/bsd-circular-no-18)
    + MICRO FINANCE RULES  (https://www.sbp.org.pk/circulars/bsd-circular-no-13)
============================================================
2026-07-24 06:43:39 [INFO] Sending email alert to ibaad.ahmed@mobilinkbank.com ...
2026-07-24 06:43:41 [INFO]   -> email sent.
2026-07-24 06:43:42 [INFO] Base file updated to this run's 51 row(s). Run finished OK.
2026-07-24 17:08:54 [INFO] ============================================================
2026-07-24 17:08:54 [INFO] Run started (output=sbp_circulars.csv, category='Microfinance', department='')
2026-07-24 17:08:54 [INFO] Base file has 0 row(s) from the last run
2026-07-24 17:09:28 [INFO] Scraped 51 circular row(s) from the site this run
2026-07-24 17:09:28 [INFO] ============================================================
CHANGE DETECTED since last run
============================================================
Previous count: 0   New count: 51

+ 51 added:
    + Revised Prudential Regulations (PRs) for Microfinance Banks  (https://www.sbp.org.pk/circulars/acfid-circular-no-01-of-2025)
    + FORMAT OF ANNUAL AND INTERIM FINANCIAL STATEMENTS OF MICROFINANCE BANKS (MFBs)  (https://www.sbp.org.pk/circulars/bprd-circular-no-03-of-2023)
    + Shareholding Returns-Banks/DFIs/MFBs  (https://www.sbp.org.pk/circulars/bprd-circular-letter-no-30-of-2022)
    + Revision in Prudential Regulations for Microfinance Banks:
R-5: Maximum Loan Size and Eligibility of Borrowers,
R-8: Classification of Assets and Provisioning Requirements &
R-10: Charging-off Non-Performing Loans (NPLs)  (https://www.sbp.org.pk/circulars/acmfd-circular-no-02-of-2022)
    + Amendments in Prudential Regulations for Microfinance Banks  (https://www.sbp.org.pk/circulars/acmfd-circular-letter-no-02-of-2021)
    + Regulatory Relief to Dampen the Effects of Covid-19 Prudential Regulations for Micro Finance Banks  (https://www.sbp.org.pk/circulars/acmfd-circular-letter-no-01-of-2021)
    + Revision In Prudential Regulations For Microfinance Banks:R - 5: Maximum Loan Size And Eligibility Of Borrowers & R - 6: Maximum Exposure Of A Borrower From MFBs/MFIs/Other Financial Institutions  (https://www.sbp.org.pk/circulars/acmfd-circular-no-02-of-2020)
    + Regulatory Relief to Dampen The Effects Of Covid-19 - Prudential Regulations for Micro Finance Banks  (https://www.sbp.org.pk/circulars/acmfd-circular-letter-no-07-of-2020)
    + REGULATORY RELIEF TO DAMPEN THE EFFECTS OF COVID-19 - PRUDENTIAL REGULATIONS FOR MICRO FINANCE BANKS  (https://www.sbp.org.pk/circulars/acmfd-circular-letter-no-04-of-2020)
    + Regulatory Relief To Dampen The Effects Of Covid-19 - Prudential Regulations For Micro Finance Banks  (https://www.sbp.org.pk/circulars/acmfd-circular-letter-no-01-of-2020)
    + Guidelines on Compliance of Government of Pakistan’s Notifications issued under United Nations Security Council (UNSC) Resolutions  (https://www.sbp.org.pk/circulars/bprd-circular-no-09-of-2019)
    + Fit & Proper Test (Criteria) for Microfinance Banks  (https://www.sbp.org.pk/circulars/acmfd-circular-letter-no-04-of-2019)
    + Housing Finance – Enhancement of Loan Limits for Microfinance Banks  (https://www.sbp.org.pk/circulars/acmfd-circular-no-01-of-2019)
    + Enhancement of Maximum Loans Size for Microenterprises  (https://www.sbp.org.pk/circulars/acmfd-circular-no-03-of-2017)
    + Microfinance Credit Guarantee Facility (MCGF)  (https://www.sbp.org.pk/circulars/acmfd-circular-no-01-of-2017)
    + Membership of Microfinance Banks (MFBs) for Clearing House  (https://www.sbp.org.pk/circulars/psd-circular-no-02-of-2015)
    + Fit & Proper Test (Criteria) for Microfinance Banks  (https://www.sbp.org.pk/circulars/acmfd-circular-no-05-of-2015)
    + Amendment in Prudential Regulation R-5 for Microfinance Banks (MFBs)  (https://www.sbp.org.pk/circulars/acmfd-circular-no-02-of-2015)
    + Amendment in Prudential Regulations (R-1) for Microfinance Banks (MFBs)  (https://www.sbp.org.pk/circulars/bprd-circular-no-10-of-2015)
    + Submission of Bi-weekly Statements of Microfinance Banks through Data Acquisition Portal  (https://www.sbp.org.pk/circulars/osed-circular-letter-no-01-of-2015)
    + Amendment in Microfinance Credit Guarantee Facility (MCGF)  (https://www.sbp.org.pk/circulars/acmfd-circular-no-01-of-2015)
    + Financial Integrity Requirements for service providers to the Banks/MFBs/DFIs  (https://www.sbp.org.pk/circulars/bprd-circular-no-13-of-2014)
    + Revised Prudential Regulations for Microfinance Banks (MFBs)”  (https://www.sbp.org.pk/circulars/acmfd-circular-no-03-of-2014)
    + Microfinance Credit Guarantee Facility (MCGF)  (https://www.sbp.org.pk/circulars/acmfd-circular-no-03-of-2012)
    + All Micro Finance Banks/DFIs/Exchange Companies  (https://www.sbp.org.pk/circulars/circular-no-1-of-2012)
    + Prudential Regulations For Microfinance Banks Revision in PR - 10 & PR - 11  (https://www.sbp.org.pk/circulars/acmfd-circular-no-02-of-2012)
    + Prudential Regulations For Microfinance Banks - Review of Instructions Relating to General Provision Requirements  (https://www.sbp.org.pk/circulars/acmfd-circular-letter-no-01-of-2011)
    + All Micro Finance Banks/DFIs/Exchange Companies  (https://www.sbp.org.pk/circulars/circular-no-1-of-2011)
    + Prudential Regulations for Microfinance Banks  (https://www.sbp.org.pk/circulars/bprd-circular-letter-no-04-of-2011)
    + Relief Measures for Borrowers of Floods Affected Areas  (https://www.sbp.org.pk/circulars/mfd-circular-no-06-2010)
    + Special FCY Borrowing by Micro Finance Banks/Institutions(MFB/Is)  (https://www.sbp.org.pk/circulars/fe-circular-no-08-of-2009)
    + Microfinance Credit Guarantee Facility (MCGF)  (https://www.sbp.org.pk/circulars/bprd-circular-letter-no-26-of-2009)
    + Amendments in Microfinance Credit Guarantee Facility (“MCGF”)  (https://www.sbp.org.pk/circulars/bprd-circular-letter-no-19-of-2009)
    + Amendments in Microfinance Credit Guarantee Facility (“MCGF”)  (https://www.sbp.org.pk/circulars/bprd-circular-no-10-of-2009)
    + Financing Facilities By Banks/DFIs to Microfinance Banks (MFBs) and Micro Finance Institutions (MFIs)  (https://www.sbp.org.pk/circulars/bprd-circular-letter-no-15)
    + FINANCING FACILITIES BY BANKS/DFIs TO MICROFINANCE BANKS (MFBs) AND MICRO FINANCE INSTITUTIONS (MFIs)  (https://www.sbp.org.pk/circulars/bprd-circular-no-15-of-2008)
    + AMENDMENT IN REVISED PRUDENTIAL REGULATION FOR MICROFINANCE BANKs (MFBs)  (https://www.sbp.org.pk/circulars/bprd-circular-no-10-of-2008)
    + REVISED PRUDENTIAL REGULATIONS FOR MICROFINANCE BANKS (MFBS)  (https://www.sbp.org.pk/circulars/bprd-circular-no-01)
    + Revised Prudential Regulations for Microfinance Banks (Mfbs)  (https://www.sbp.org.pk/circulars/bprd-circular-no-01-of-2007)
    + Submission of Periodical Returns and Minutes of Board of Directors’/General Meetings  (https://www.sbp.org.pk/circulars/mfd-circular-letter-no-1-of-2007)
    + AMENDMENTS IN PRUDENTIAL REGULATION NOS. 12 AND 14 FOR MICROFINANCE BANKS (MFBS)  (https://www.sbp.org.pk/circulars/smed-circular-no-10)
    + GUIDELINES FOR COMMERCIAL BANKS TO UNDERTAKE MICROFINANCE BUSINESS  (https://www.sbp.org.pk/circulars/smed-circular-no-11)
    + Guidelines for Commercial Banks to Undertake Microfinance Business  (https://www.sbp.org.pk/circulars/smed-circular-no-10-of-2006)
    + Prudential Regulations for Commercial Banks to undertake Micro Finance Business  (https://www.sbp.org.pk/circulars/smed-circular-no-11-of-2006)
    + Amendments in Prudential Regulation Nos. 12 And 14 for Microfinance Banks (MFBs)  (https://www.sbp.org.pk/circulars/smed-circular-no-7-of-2006)
    + Fit & Proper Criteria for Board Members and President/Chief Executive of Microfinance Banks  (https://www.sbp.org.pk/circulars/bsd-circular-no-2-of-2005)
    + CREDIT RATING OF MICROFINANCE BANKS PRUDENTIAL REGULATION 29 FOR MICROFINANCE BANKS  (https://www.sbp.org.pk/circulars/bsd-circular-no-11)
    + GUIDELINES FOR MOBILE BANKING OPERATIONS OF MICROFINANCE BANKS/ INSTITUTIONS  (https://www.sbp.org.pk/circulars/bsd-circular-no-10)
    + Guidelines For Mobile Banking Operations Of Microfinance Banks/ Institutions  (https://www.sbp.org.pk/circulars/bsd-circular-no-2-of-2003)
    + MICRO FINANCE INSTITUTIONS – BRANCH LICENSING POLICY  (https://www.sbp.org.pk/circulars/bsd-circular-no-18)
    + MICRO FINANCE RULES  (https://www.sbp.org.pk/circulars/bsd-circular-no-13)
============================================================
2026-07-24 17:09:28 [INFO] Base file updated to this run's 51 row(s). Run finished OK.
2026-07-25 10:11:39 [INFO] ============================================================
2026-07-25 10:11:39 [INFO] Run started (output=sbp_circulars.csv, category='Microfinance', department='')
2026-07-25 10:11:39 [INFO] Base file has 51 row(s) from the last run
2026-07-25 10:12:14 [INFO] Scraped 50 circular row(s) from the site this run
2026-07-25 10:12:14 [INFO] ============================================================
CHANGE DETECTED since last run
============================================================
Previous count: 51   New count: 50

- 1 removed:
    - AMENDMENTS IN PRUDENTIAL REGULATION NOS. 12 AND 14 FOR MICROFINANCE BANKS (MFBS)  (https://www.sbp.org.pk/circulars/smed-circular-no-10)
============================================================
2026-07-25 10:12:14 [INFO] Sending email alert to ibaad.ahmed@mobilinkbank.com ...
2026-07-25 10:12:15 [INFO]   -> email not sent (see warning above).
2026-07-25 10:12:15 [INFO] Base file updated to this run's 50 row(s). Run finished OK.
2026-07-26 10:23:00 [INFO] ============================================================
2026-07-26 10:23:00 [INFO] Run started (output=sbp_circulars.csv, category='Microfinance', department='')
2026-07-26 10:23:00 [INFO] Base file has 50 row(s) from the last run
2026-07-26 10:23:35 [INFO] Scraped 50 circular row(s) from the site this run
2026-07-26 10:23:35 [INFO] No change: counts and URLs match the previous run.
2026-07-26 10:23:35 [INFO] Base file updated to this run's 50 row(s). Run finished OK.
2026-07-27 06:38:52 [INFO] ============================================================
2026-07-27 06:38:52 [INFO] Run started (output=sbp_circulars.csv, category='Microfinance', department='')
2026-07-27 06:38:52 [INFO] Base file has 50 row(s) from the last run
2026-07-27 06:39:22 [INFO] Scraped 50 circular row(s) from the site this run
2026-07-27 06:39:22 [INFO] No change: counts and URLs match the previous run.
2026-07-27 06:39:22 [INFO] Base file updated to this run's 50 row(s). Run finished OK.
2026-07-27 13:44:51 [INFO] ============================================================
2026-07-27 13:44:51 [INFO] Run started (output=sbp_circulars.csv, category='Microfinance', department='')
2026-07-27 13:44:51 [INFO] Base file has 50 row(s) from the last run
2026-07-27 13:45:21 [INFO] Scraped 50 circular row(s) from the site this run
2026-07-27 13:45:21 [INFO] No change: counts and URLs match the previous run.
2026-07-27 13:45:21 [INFO] Base file updated to this run's 50 row(s). Run finished OK.
2026-07-28 11:37:45 [INFO] ============================================================
2026-07-28 11:37:45 [INFO] Run started (output=sbp_circulars.csv, category='Microfinance', department='')
2026-07-28 11:37:45 [INFO] Base file has 50 row(s) from the last run
2026-07-28 11:38:13 [INFO] Scraped 50 circular row(s) from the site this run
2026-07-28 11:38:13 [INFO] No change: counts and URLs match the previous run.
2026-07-28 11:38:13 [INFO] Base file updated to this run's 50 row(s). Run finished OK.
2026-07-29 10:11:46 [INFO] ============================================================
2026-07-29 10:11:46 [INFO] Run started (output=sbp_circulars.csv, category='Microfinance', department='')
2026-07-29 10:11:46 [INFO] Base file has 49 row(s) from the last run
2026-07-29 10:12:18 [INFO] Scraped 47 circular row(s) from the site this run
2026-07-29 10:12:18 [INFO] ============================================================
CHANGE DETECTED since last run
============================================================
Previous count: 49   New count: 47

+ 1 added:
    + MICRO FINANCE RULES  (https://www.sbp.org.pk/circulars/bsd-circular-no-13-of-2002)

- 3 removed:
    - Financing Facilities By Banks/DFIs to Microfinance Banks (MFBs) and Micro Finance Institutions (MFIs)  (https://www.sbp.org.pk/circulars/bprd-circular-letter-no-15)
    - REVISED PRUDENTIAL REGULATIONS FOR MICROFINANCE BANKS (MFBS)  (https://www.sbp.org.pk/circulars/bprd-circular-no-01)
    - MICRO FINANCE INSTITUTIONS – BRANCH LICENSING POLICY  (https://www.sbp.org.pk/circulars/bsd-circular-no-18)
============================================================
2026-07-29 10:12:18 [INFO] Sending email alert to INsalman.ali@mobilinkbank.com ...
2026-07-29 10:12:20 [INFO]   -> email sent.
2026-07-29 10:12:20 [INFO] Base file updated to this run's 47 row(s). Run finished OK.
2026-07-30 10:54:13 [INFO] ============================================================
2026-07-30 10:54:13 [INFO] Run started (output=sbp_circulars.csv, category='Microfinance', department='')
2026-07-30 10:54:13 [INFO] Base file has 47 row(s) from the last run
2026-07-30 10:55:07 [INFO] Scraped 47 circular row(s) from the site this run
2026-07-30 10:55:07 [INFO] No change: counts and URLs match the previous run.
2026-07-30 10:55:07 [INFO] Base file updated to this run's 47 row(s). Run finished OK.
2026-07-31 06:48:57 [INFO] ============================================================
2026-07-31 06:48:57 [INFO] Run started (output=sbp_circulars.csv, category='Microfinance', department='')
2026-07-31 06:48:57 [INFO] Base file has 46 row(s) from the last run
2026-07-31 06:49:22 [INFO] Scraped 47 circular row(s) from the site this run
2026-07-31 06:49:22 [INFO] ============================================================
CHANGE DETECTED since last run
============================================================
Previous count: 46   New count: 47

+ 1 added:
    + MICRO FINANCE RULES  (https://www.sbp.org.pk/circulars/bsd-circular-no-13-of-2002)
============================================================
2026-07-31 06:49:22 [INFO] Sending email alert to ibaad.ahmed@mobilinkbank.com ...
2026-07-31 06:49:24 [INFO]   -> email sent.
2026-07-31 06:49:24 [INFO] Base file updated to this run's 47 row(s). Run finished OK.
2026-07-31 11:36:51 [INFO] ============================================================
2026-07-31 11:36:51 [INFO] Run started (output=sbp_circulars.csv, category='Microfinance', department='')
2026-07-31 11:36:51 [INFO] Base file has 47 row(s) from the last run
2026-07-31 11:37:20 [INFO] Scraped 47 circular row(s) from the site this run
2026-07-31 11:37:20 [INFO] No change: counts and URLs match the previous run.
2026-07-31 11:37:20 [INFO] Base file updated to this run's 47 row(s). Run finished OK.
2026-08-01 10:12:21 [INFO] ============================================================
2026-08-01 10:12:21 [INFO] Run started (output=sbp_circulars.csv, category='Microfinance', department='')
2026-08-01 10:12:21 [INFO] Base file has 47 row(s) from the last run
2026-08-01 10:12:43 [INFO] Scraped 47 circular row(s) from the site this run
2026-08-01 10:12:43 [INFO] No change: counts and URLs match the previous run.
2026-08-01 10:12:43 [INFO] Base file updated to this run's 47 row(s). Run finished OK.
2026-08-02 10:08:11 [INFO] ============================================================
2026-08-02 10:08:11 [INFO] Run started (output=sbp_circulars.csv, category='Microfinance', department='')
2026-08-02 10:08:11 [INFO] Base file has 47 row(s) from the last run
2026-08-02 10:08:38 [INFO] Scraped 47 circular row(s) from the site this run
2026-08-02 10:08:38 [INFO] No change: counts and URLs match the previous run.
2026-08-02 10:08:38 [INFO] Base file updated to this run's 47 row(s). Run finished OK.
2026-08-03 13:30:59 [INFO] ============================================================
2026-08-03 13:30:59 [INFO] Run started (output=sbp_circulars.csv, category='Microfinance', department='')
2026-08-03 13:30:59 [INFO] Base file has 47 row(s) from the last run
2026-08-03 13:31:29 [INFO] Scraped 47 circular row(s) from the site this run
2026-08-03 13:31:29 [INFO] No change: counts and URLs match the previous run.
2026-08-03 13:31:29 [INFO] Base file updated to this run's 47 row(s). Run finished OK.
2026-08-04 11:35:57 [INFO] ============================================================
2026-08-04 11:35:57 [INFO] Run started (output=sbp_circulars.csv, category='Microfinance', department='')
2026-08-04 11:35:57 [INFO] Base file has 47 row(s) from the last run
2026-08-04 11:36:26 [INFO] Scraped 45 circular row(s) from the site this run
2026-08-04 11:36:26 [INFO] ============================================================
CHANGE DETECTED since last run
============================================================
Previous count: 47   New count: 45

- 2 removed:
    - CREDIT RATING OF MICROFINANCE BANKS PRUDENTIAL REGULATION 29 FOR MICROFINANCE BANKS  (https://www.sbp.org.pk/circulars/bsd-circular-no-11)
    - GUIDELINES FOR MOBILE BANKING OPERATIONS OF MICROFINANCE BANKS/ INSTITUTIONS  (https://www.sbp.org.pk/circulars/bsd-circular-no-10)
============================================================
2026-08-04 11:36:26 [INFO] Sending email alert to ibaad.ahmed@mobilinkbank.com ...
2026-08-04 11:36:27 [INFO]   -> email sent.
2026-08-04 11:36:27 [INFO] Base file updated to this run's 45 row(s). Run finished OK.
2026-08-05 11:31:54 [INFO] ============================================================
2026-08-05 11:31:54 [INFO] Run started (output=sbp_circulars.csv, category='Microfinance', department='')
2026-08-05 11:31:54 [INFO] Base file has 45 row(s) from the last run
2026-08-05 11:32:23 [INFO] Scraped 45 circular row(s) from the site this run
2026-08-05 11:32:23 [INFO] No change: counts and URLs match the previous run.
2026-08-05 11:32:23 [INFO] Base file updated to this run's 45 row(s). Run finished OK.
2026-08-06 11:36:59 [INFO] ============================================================
2026-08-06 11:36:59 [INFO] Run started (output=sbp_circulars.csv, category='Microfinance', department='')
2026-08-06 11:36:59 [INFO] Base file has 45 row(s) from the last run
2026-08-06 11:37:34 [INFO] Scraped 45 circular row(s) from the site this run
2026-08-06 11:37:34 [INFO] No change: counts and URLs match the previous run.
2026-08-06 11:37:34 [INFO] Base file updated to this run's 45 row(s). Run finished OK.
2026-08-07 06:54:51 [INFO] ============================================================
2026-08-07 06:54:51 [INFO] Run started (output=sbp_circulars.csv, category='Microfinance', department='')
2026-08-07 06:54:51 [INFO] Base file has 45 row(s) from the last run
2026-08-07 06:55:43 [INFO] Scraped 30 circular row(s) from the site this run
2026-08-07 06:55:43 [INFO] ============================================================
CHANGE DETECTED since last run
============================================================
Previous count: 45   New count: 30

- 15 removed:
    - Special FCY Borrowing by Micro Finance Banks/Institutions(MFB/Is)  (https://www.sbp.org.pk/circulars/fe-circular-no-08-of-2009)
    - Microfinance Credit Guarantee Facility (MCGF)  (https://www.sbp.org.pk/circulars/bprd-circular-letter-no-26-of-2009)
    - Amendments in Microfinance Credit Guarantee Facility (“MCGF”)  (https://www.sbp.org.pk/circulars/bprd-circular-letter-no-19-of-2009)
    - Amendments in Microfinance Credit Guarantee Facility (“MCGF”)  (https://www.sbp.org.pk/circulars/bprd-circular-no-10-of-2009)
    - FINANCING FACILITIES BY BANKS/DFIs TO MICROFINANCE BANKS (MFBs) AND MICRO FINANCE INSTITUTIONS (MFIs)  (https://www.sbp.org.pk/circulars/bprd-circular-no-15-of-2008)
    - AMENDMENT IN REVISED PRUDENTIAL REGULATION FOR MICROFINANCE BANKs (MFBs)  (https://www.sbp.org.pk/circulars/bprd-circular-no-10-of-2008)
    - Revised Prudential Regulations for Microfinance Banks (MFBS)  (https://www.sbp.org.pk/circulars/bprd-circular-no-01-of-2007)
    - Submission of Periodical Returns and Minutes of Board of Directors’/General Meetings  (https://www.sbp.org.pk/circulars/mfd-circular-letter-no-1-of-2007)
    - GUIDELINES FOR COMMERCIAL BANKS TO UNDERTAKE MICROFINANCE BUSINESS  (https://www.sbp.org.pk/circulars/smed-circular-no-11)
    - Guidelines for Commercial Banks to Undertake Microfinance Business  (https://www.sbp.org.pk/circulars/smed-circular-no-10-of-2006)
    - Prudential Regulations for Commercial Banks to undertake Micro Finance Business  (https://www.sbp.org.pk/circulars/smed-circular-no-11-of-2006)
    - Amendments in Prudential Regulation Nos. 12 And 14 for Microfinance Banks (MFBs)  (https://www.sbp.org.pk/circulars/smed-circular-no-7-of-2006)
    - Fit & Proper Criteria for Board Members and President/Chief Executive of Microfinance Banks  (https://www.sbp.org.pk/circulars/bsd-circular-no-2-of-2005)
    - Guidelines For Mobile Banking Operations Of Microfinance Banks/ Institutions  (https://www.sbp.org.pk/circulars/bsd-circular-no-2-of-2003)
    - MICRO FINANCE RULES  (https://www.sbp.org.pk/circulars/bsd-circular-no-13-of-2002)
============================================================
2026-08-07 06:55:43 [INFO] Sending email alert to ibaad.ahmed@mobilinkbank.com ...
2026-08-07 06:55:45 [INFO]   -> email sent.
2026-08-07 06:55:45 [INFO] Base file updated to this run's 30 row(s). Run finished OK.
2026-08-08 05:25:54 [INFO] ============================================================
2026-08-08 05:25:54 [INFO] Run started (output=sbp_circulars.csv, category='Microfinance', department='')
2026-08-08 05:25:54 [INFO] Base file has 30 row(s) from the last run
2026-08-08 05:26:33 [INFO] Scraped 30 circular row(s) from the site this run
2026-08-08 05:26:33 [INFO] No change: counts and URLs match the previous run.
2026-08-08 05:26:33 [INFO] Base file updated to this run's 30 row(s). Run finished OK.
2026-08-09 05:37:05 [INFO] ============================================================
2026-08-09 05:37:05 [INFO] Run started (output=sbp_circulars.csv, category='Microfinance', department='')
2026-08-09 05:37:05 [INFO] Base file has 30 row(s) from the last run
2026-08-09 05:37:58 [INFO] Scraped 30 circular row(s) from the site this run
2026-08-09 05:37:58 [INFO] No change: counts and URLs match the previous run.
2026-08-09 05:37:58 [INFO] Base file updated to this run's 30 row(s). Run finished OK.
2026-08-10 07:00:53 [INFO] ============================================================
2026-08-10 07:00:53 [INFO] Run started (output=sbp_circulars.csv, category='Microfinance', department='')
2026-08-10 07:00:53 [INFO] Base file has 30 row(s) from the last run
2026-08-10 07:01:31 [INFO] Scraped 30 circular row(s) from the site this run
2026-08-10 07:01:31 [INFO] No change: counts and URLs match the previous run.
2026-08-10 07:01:31 [INFO] Base file updated to this run's 30 row(s). Run finished OK.
2026-08-11 05:52:44 [INFO] ============================================================
2026-08-11 05:52:44 [INFO] Run started (output=sbp_circulars.csv, category='Microfinance', department='')
2026-08-11 05:52:44 [INFO] Base file has 29 row(s) from the last run
2026-08-11 05:53:17 [INFO] Scraped 30 circular row(s) from the site this run
2026-08-11 05:53:17 [INFO] ============================================================
CHANGE DETECTED since last run
============================================================
Previous count: 29   New count: 30

+ 1 added:
    + Relief Measures for Borrowers of Floods Affected Areas  (https://www.sbp.org.pk/circulars/mfd-circular-no-06-2010)
============================================================
2026-08-11 05:53:17 [INFO] Sending email alert to ibaad.ahmed@mobilinkbank.com ...
2026-08-11 05:53:21 [INFO]   -> email sent.
2026-08-11 05:53:21 [INFO] Base file updated to this run's 30 row(s). Run finished OK.
2026-08-11 06:02:17 [INFO] ============================================================
2026-08-11 06:02:17 [INFO] Run started (output=sbp_circulars.csv, category='Microfinance', department='')
2026-08-11 06:02:17 [INFO] Base file has 30 row(s) from the last run
2026-08-11 06:02:50 [INFO] Scraped 30 circular row(s) from the site this run
2026-08-11 06:02:50 [INFO] No change: counts and URLs match the previous run.
2026-08-11 06:02:50 [INFO] Base file updated to this run's 30 row(s). Run finished OK.
2026-08-11 06:09:26 [INFO] ============================================================
2026-08-11 06:09:26 [INFO] Run started (output=sbp_circulars.csv, category='Microfinance', department='')
2026-08-11 06:09:26 [INFO] Base file has 29 row(s) from the last run
2026-08-11 06:10:02 [INFO] Scraped 30 circular row(s) from the site this run
2026-08-11 06:10:02 [INFO] ============================================================
CHANGE DETECTED since last run
============================================================
Previous count: 29   New count: 30

+ 1 added:
    + Relief Measures for Borrowers of Floods Affected Areas  (https://www.sbp.org.pk/circulars/mfd-circular-no-06-2010)
============================================================
2026-08-11 06:10:02 [INFO] Sending email alert to ibaad.ahmed@mobilinkbank.com ...
2026-08-11 06:10:06 [INFO]   -> email sent.
2026-08-11 06:10:06 [INFO] Base file updated to this run's 30 row(s). Run finished OK.
2026-08-12 07:00:30 [INFO] ============================================================
2026-08-12 07:00:30 [INFO] Run started (output=sbp_circulars.csv, category='Microfinance', department='')
2026-08-12 07:00:30 [INFO] Base file has 30 row(s) from the last run
2026-08-12 07:01:08 [INFO] Scraped 30 circular row(s) from the site this run
2026-08-12 07:01:08 [INFO] No change: counts and URLs match the previous run.
2026-08-12 07:01:08 [INFO] Base file updated to this run's 30 row(s). Run finished OK.
2026-08-13 08:04:10 [INFO] ============================================================
2026-08-13 08:04:10 [INFO] Run started (output=sbp_circulars.csv, category='Microfinance', department='')
2026-08-13 08:04:10 [INFO] Base file has 30 row(s) from the last run
2026-08-13 08:04:38 [INFO] Scraped 30 circular row(s) from the site this run
2026-08-13 08:04:38 [INFO] No change: counts and URLs match the previous run.
2026-08-13 08:04:38 [INFO] Base file updated to this run's 30 row(s). Run finished OK.
2026-08-14 04:41:28 [INFO] ============================================================
2026-08-14 04:41:28 [INFO] Run started (output=sbp_circulars.csv, category='Microfinance', department='')
2026-08-14 04:41:28 [INFO] Base file has 30 row(s) from the last run
2026-08-14 04:42:06 [INFO] Scraped 30 circular row(s) from the site this run
2026-08-14 04:42:06 [INFO] No change: counts and URLs match the previous run.
2026-08-14 04:42:06 [INFO] Base file updated to this run's 30 row(s). Run finished OK.
2026-08-15 03:30:01 [INFO] ============================================================
2026-08-15 03:30:01 [INFO] Run started (output=sbp_circulars.csv, category='Microfinance', department='')
2026-08-15 03:30:01 [INFO] Base file has 30 row(s) from the last run
2026-08-15 03:30:45 [INFO] Scraped 30 circular row(s) from the site this run
2026-08-15 03:30:45 [INFO] No change: counts and URLs match the previous run.
2026-08-15 03:30:45 [INFO] Base file updated to this run's 30 row(s). Run finished OK.
2026-08-16 03:38:45 [INFO] ============================================================
2026-08-16 03:38:45 [INFO] Run started (output=sbp_circulars.csv, category='Microfinance', department='')
2026-08-16 03:38:45 [INFO] Base file has 30 row(s) from the last run
2026-08-16 03:39:21 [INFO] Scraped 30 circular row(s) from the site this run
2026-08-16 03:39:21 [INFO] No change: counts and URLs match the previous run.
2026-08-16 03:39:21 [INFO] Base file updated to this run's 30 row(s). Run finished OK.
2026-08-17 03:39:43 [INFO] ============================================================
2026-08-17 03:39:43 [INFO] Run started (output=sbp_circulars.csv, category='Microfinance', department='')
2026-08-17 03:39:43 [INFO] Base file has 30 row(s) from the last run
2026-08-17 03:40:13 [INFO] Scraped 30 circular row(s) from the site this run
2026-08-17 03:40:13 [INFO] No change: counts and URLs match the previous run.
2026-08-17 03:40:13 [INFO] Base file updated to this run's 30 row(s). Run finished OK.
2026-08-18 03:35:29 [INFO] ============================================================
2026-08-18 03:35:29 [INFO] Run started (output=sbp_circulars.csv, category='Microfinance', department='')
2026-08-18 03:35:29 [INFO] Base file has 30 row(s) from the last run
2026-08-18 03:36:00 [INFO] Scraped 30 circular row(s) from the site this run
2026-08-18 03:36:00 [INFO] No change: counts and URLs match the previous run.
2026-08-18 03:36:00 [INFO] Base file updated to this run's 30 row(s). Run finished OK.
2026-08-19 03:37:28 [INFO] ============================================================
2026-08-19 03:37:28 [INFO] Run started (output=sbp_circulars.csv, category='Microfinance', department='')
2026-08-19 03:37:28 [INFO] Base file has 30 row(s) from the last run
2026-08-19 03:38:21 [INFO] Scraped 30 circular row(s) from the site this run
2026-08-19 03:38:21 [INFO] No change: counts and URLs match the previous run.
2026-08-19 03:38:21 [INFO] Base file updated to this run's 30 row(s). Run finished OK.
2026-08-20 03:37:23 [INFO] ============================================================
2026-08-20 03:37:23 [INFO] Run started (output=sbp_circulars.csv, category='Microfinance', department='')
2026-08-20 03:37:23 [INFO] Base file has 30 row(s) from the last run
2026-08-20 03:38:10 [INFO] Scraped 30 circular row(s) from the site this run
2026-08-20 03:38:10 [INFO] No change: counts and URLs match the previous run.
2026-08-20 03:38:10 [INFO] Base file updated to this run's 30 row(s). Run finished OK.
2026-08-21 03:41:24 [INFO] ============================================================
2026-08-21 03:41:24 [INFO] Run started (output=sbp_circulars.csv, category='Microfinance', department='')
2026-08-21 03:41:24 [INFO] Base file has 30 row(s) from the last run
2026-08-21 03:42:05 [INFO] Scraped 30 circular row(s) from the site this run
2026-08-21 03:42:05 [INFO] ============================================================
CHANGE DETECTED since last run
============================================================
Previous count: 30   New count: 30

+ 1 added:
    + All Micro Finance Banks/DFIs/Exchange Companies  (https://www.sbp.org.pk/circulars/DFIs-and-ecid-circular-no-1-of-2011)

- 1 removed:
    - All Micro Finance Banks/DFIs/Exchange Companies  (https://www.sbp.org.pk/circulars/circular-no-1-of-2011)
============================================================
2026-08-21 03:42:05 [INFO] Sending email alert to ibaad.ahmed@mobilinkbank.com ...
2026-08-21 03:42:06 [INFO]   -> email sent.
2026-08-21 03:42:06 [INFO] Base file updated to this run's 30 row(s). Run finished OK.
2026-08-21 07:27:02 [INFO] ============================================================
2026-08-21 07:27:02 [INFO] Run started (output=sbp_circulars.csv, category='Microfinance', department='')
2026-08-21 07:27:02 [INFO] Base file has 30 row(s) from the last run
2026-08-21 07:27:02 [INFO] Loading page 1: https://www.sbp.org.pk/circulars/search-result/search_doc=&department=&category=Microfinance&circular-type=&circular_start_date=&circular_end_date=
2026-08-21 07:27:15 [INFO] Page 1 of 2: found 30 circular(s)
2026-08-21 07:27:16 [INFO] Loading page 2: https://www.sbp.org.pk/circulars/search-result/search_doc=&department=&category=Microfinance&circular-type=&circular_start_date=&circular_end_date=/P30
2026-08-21 07:27:26 [INFO] Page 2 of 2: found 15 circular(s)
2026-08-21 07:27:26 [INFO] Collected 45 circular(s) across 2 page(s).
2026-08-21 07:27:26 [INFO] Scraped 45 circular row(s) from the site this run
2026-08-21 07:27:26 [INFO] ============================================================
CHANGE DETECTED since last run
============================================================
Previous count: 30   New count: 45

+ 15 added:
    + Special FCY Borrowing by Micro Finance Banks/Institutions(MFB/Is)  (https://www.sbp.org.pk/circulars/fe-circular-no-08-of-2009)
    + Microfinance Credit Guarantee Facility (MCGF)  (https://www.sbp.org.pk/circulars/bprd-circular-letter-no-26-of-2009)
    + Amendments in Microfinance Credit Guarantee Facility (“MCGF”)  (https://www.sbp.org.pk/circulars/bprd-circular-letter-no-19-of-2009)
    + Amendments in Microfinance Credit Guarantee Facility (“MCGF”)  (https://www.sbp.org.pk/circulars/bprd-circular-no-10-of-2009)
    + FINANCING FACILITIES BY BANKS/DFIs TO MICROFINANCE BANKS (MFBs) AND MICRO FINANCE INSTITUTIONS (MFIs)  (https://www.sbp.org.pk/circulars/bprd-circular-no-15-of-2008)
    + AMENDMENT IN REVISED PRUDENTIAL REGULATION FOR MICROFINANCE BANKs (MFBs)  (https://www.sbp.org.pk/circulars/bprd-circular-no-10-of-2008)
    + Revised Prudential Regulations for Microfinance Banks (MFBS)  (https://www.sbp.org.pk/circulars/bprd-circular-no-01-of-2007)
    + Submission of Periodical Returns and Minutes of Board of Directors’/General Meetings  (https://www.sbp.org.pk/circulars/mfd-circular-letter-no-1-of-2007)
    + GUIDELINES FOR COMMERCIAL BANKS TO UNDERTAKE MICROFINANCE BUSINESS  (https://www.sbp.org.pk/circulars/smed-circular-no-11)
    + Guidelines for Commercial Banks to Undertake Microfinance Business  (https://www.sbp.org.pk/circulars/smed-circular-no-10-of-2006)
    + Prudential Regulations for Commercial Banks to undertake Micro Finance Business  (https://www.sbp.org.pk/circulars/smed-circular-no-11-of-2006)
    + Amendments in Prudential Regulation Nos. 12 And 14 for Microfinance Banks (MFBs)  (https://www.sbp.org.pk/circulars/smed-circular-no-7-of-2006)
    + Fit & Proper Criteria for Board Members and President/Chief Executive of Microfinance Banks  (https://www.sbp.org.pk/circulars/bsd-circular-no-2-of-2005)
    + Guidelines For Mobile Banking Operations Of Microfinance Banks/ Institutions  (https://www.sbp.org.pk/circulars/bsd-circular-no-2-of-2003)
    + MICRO FINANCE RULES  (https://www.sbp.org.pk/circulars/bsd-circular-no-13-of-2002)
============================================================
2026-08-21 07:27:26 [INFO] Base file updated to this run's 45 row(s). Run finished OK.
2026-08-21 07:50:02 [INFO] ============================================================
2026-08-21 07:50:02 [INFO] Run started (output=sbp_circulars.csv, category='Microfinance', department='')
2026-08-21 07:50:02 [INFO] Base file has 45 row(s) from the last run
2026-08-21 07:50:02 [INFO] Loading page 1: https://www.sbp.org.pk/circulars/search-result/search_doc=&department=&category=Microfinance&circular-type=&circular_start_date=&circular_end_date=
2026-08-21 07:50:46 [INFO] Page 1 of 2: found 30 circular(s)
2026-08-21 07:50:47 [INFO] Loading page 2: https://www.sbp.org.pk/circulars/search-result/search_doc=&department=&category=Microfinance&circular-type=&circular_start_date=&circular_end_date=/P30
2026-08-21 07:51:13 [INFO] Page 2 of 2: found 15 circular(s)
2026-08-21 07:51:13 [INFO] Collected 45 circular(s) across 2 page(s).
2026-08-21 07:51:13 [INFO] Scraped 45 circular row(s) from the site this run
2026-08-21 07:51:13 [INFO] No change: counts and URLs match the previous run.
2026-08-21 07:51:13 [INFO] Base file updated to this run's 45 row(s). Run finished OK.
2026-08-22 03:32:46 [INFO] ============================================================
2026-08-22 03:32:46 [INFO] Run started (output=sbp_circulars.csv, category='Microfinance', department='')
2026-08-22 03:32:46 [INFO] Base file has 45 row(s) from the last run
2026-08-22 03:32:46 [INFO] Loading page 1: https://www.sbp.org.pk/circulars/search-result/search_doc=&department=&category=Microfinance&circular-type=&circular_start_date=&circular_end_date=
2026-08-22 03:33:22 [INFO] Page 1 of 2: found 30 circular(s)
2026-08-22 03:33:24 [INFO] Loading page 2: https://www.sbp.org.pk/circulars/search-result/search_doc=&department=&category=Microfinance&circular-type=&circular_start_date=&circular_end_date=/P30
2026-08-22 03:33:35 [INFO] Page 2 of 2: found 15 circular(s)
2026-08-22 03:33:35 [INFO] Collected 45 circular(s) across 2 page(s).
2026-08-22 03:33:35 [INFO] Scraped 45 circular row(s) from the site this run
2026-08-22 03:33:35 [INFO] No change: counts and URLs match the previous run.
2026-08-22 03:33:35 [INFO] Base file updated to this run's 45 row(s). Run finished OK.
2026-08-23 03:40:33 [INFO] ============================================================
2026-08-23 03:40:33 [INFO] Run started (output=sbp_circulars.csv, category='Microfinance', department='')
2026-08-23 03:40:33 [INFO] Base file has 45 row(s) from the last run
2026-08-23 03:40:33 [INFO] Loading page 1: https://www.sbp.org.pk/circulars/search-result/search_doc=&department=&category=Microfinance&circular-type=&circular_start_date=&circular_end_date=
2026-08-23 03:40:45 [INFO] Page 1 of 2: found 30 circular(s)
2026-08-23 03:40:46 [INFO] Loading page 2: https://www.sbp.org.pk/circulars/search-result/search_doc=&department=&category=Microfinance&circular-type=&circular_start_date=&circular_end_date=/P30
2026-08-23 03:40:57 [INFO] Page 2 of 2: found 15 circular(s)
2026-08-23 03:40:57 [INFO] Collected 45 circular(s) across 2 page(s).
2026-08-23 03:40:57 [INFO] Scraped 45 circular row(s) from the site this run
2026-08-23 03:40:57 [INFO] No change: counts and URLs match the previous run.
2026-08-23 03:40:57 [INFO] Base file updated to this run's 45 row(s). Run finished OK.
2026-08-24 03:43:47 [INFO] ============================================================
2026-08-24 03:43:47 [INFO] Run started (output=sbp_circulars.csv, category='Microfinance', department='')
2026-08-24 03:43:47 [INFO] Base file has 45 row(s) from the last run
2026-08-24 03:43:47 [INFO] Loading page 1: https://www.sbp.org.pk/circulars/search-result/search_doc=&department=&category=Microfinance&circular-type=&circular_start_date=&circular_end_date=
2026-08-24 03:44:23 [INFO] Page 1 of 2: found 30 circular(s)
2026-08-24 03:44:24 [INFO] Loading page 2: https://www.sbp.org.pk/circulars/search-result/search_doc=&department=&category=Microfinance&circular-type=&circular_start_date=&circular_end_date=/P30
2026-08-24 03:44:35 [INFO] Page 2 of 2: found 15 circular(s)
2026-08-24 03:44:35 [INFO] Collected 45 circular(s) across 2 page(s).
2026-08-24 03:44:35 [INFO] Scraped 45 circular row(s) from the site this run
2026-08-24 03:44:35 [INFO] No change: counts and URLs match the previous run.
2026-08-24 03:44:35 [INFO] Base file updated to this run's 45 row(s). Run finished OK.
2026-08-25 03:39:17 [INFO] ============================================================
2026-08-25 03:39:17 [INFO] Run started (output=sbp_circulars.csv, category='Microfinance', department='')
2026-08-25 03:39:17 [INFO] Base file has 45 row(s) from the last run
2026-08-25 03:39:17 [INFO] Loading page 1: https://www.sbp.org.pk/circulars/search-result/search_doc=&department=&category=Microfinance&circular-type=&circular_start_date=&circular_end_date=
2026-08-25 03:39:35 [INFO] Page 1 of 2: found 30 circular(s)
2026-08-25 03:39:36 [INFO] Loading page 2: https://www.sbp.org.pk/circulars/search-result/search_doc=&department=&category=Microfinance&circular-type=&circular_start_date=&circular_end_date=/P30
2026-08-25 03:39:48 [INFO] Page 2 of 2: found 15 circular(s)
2026-08-25 03:39:48 [INFO] Collected 45 circular(s) across 2 page(s).
2026-08-25 03:39:48 [INFO] Scraped 45 circular row(s) from the site this run
2026-08-25 03:39:48 [INFO] No change: counts and URLs match the previous run.
2026-08-25 03:39:48 [INFO] Base file updated to this run's 45 row(s). Run finished OK.
2026-08-26 03:43:52 [INFO] ============================================================
2026-08-26 03:43:52 [INFO] Run started (output=sbp_circulars.csv, category='Microfinance', department='')
2026-08-26 03:43:52 [INFO] Base file has 45 row(s) from the last run
2026-08-26 03:43:52 [INFO] Loading page 1: https://www.sbp.org.pk/circulars/search-result/search_doc=&department=&category=Microfinance&circular-type=&circular_start_date=&circular_end_date=
2026-08-26 03:44:12 [INFO] Page 1 of 2: found 30 circular(s)
2026-08-26 03:44:13 [INFO] Loading page 2: https://www.sbp.org.pk/circulars/search-result/search_doc=&department=&category=Microfinance&circular-type=&circular_start_date=&circular_end_date=/P30
2026-08-26 03:44:59 [INFO] Page 2 of 2: found 15 circular(s)
2026-08-26 03:44:59 [INFO] Collected 45 circular(s) across 2 page(s).
2026-08-26 03:44:59 [INFO] Scraped 45 circular row(s) from the site this run
2026-08-26 03:44:59 [INFO] No change: counts and URLs match the previous run.
2026-08-26 03:44:59 [INFO] Base file updated to this run's 45 row(s). Run finished OK.
2026-08-27 13:16:40 [INFO] ============================================================
2026-08-27 13:16:40 [INFO] Run started (output=sbp_circulars.csv, category='Microfinance', department='')
2026-08-27 13:16:40 [INFO] Base file has 45 row(s) from the last run
2026-08-27 13:16:40 [INFO] Loading page 1: https://www.sbp.org.pk/circulars/search-result/search_doc=&department=&category=Microfinance&circular-type=&circular_start_date=&circular_end_date=
2026-08-27 13:17:03 [INFO] Page 1 of 2: found 30 circular(s)
2026-08-27 13:17:04 [INFO] Loading page 2: https://www.sbp.org.pk/circulars/search-result/search_doc=&department=&category=Microfinance&circular-type=&circular_start_date=&circular_end_date=/P30
2026-08-27 13:17:16 [INFO] Page 2 of 2: found 15 circular(s)
2026-08-27 13:17:16 [INFO] Collected 45 circular(s) across 2 page(s).
2026-08-27 13:17:16 [INFO] Scraped 45 circular row(s) from the site this run
2026-08-27 13:17:16 [INFO] No change: counts and URLs match the previous run.
2026-08-27 13:17:16 [INFO] Base file updated to this run's 45 row(s). Run finished OK.
2026-08-28 14:41:00 [INFO] ============================================================
2026-08-28 14:41:00 [INFO] Run started (output=sbp_circulars.csv, category='Microfinance', department='')
2026-08-28 14:41:00 [INFO] Base file has 45 row(s) from the last run
2026-08-28 14:41:00 [INFO] Loading page 1: https://www.sbp.org.pk/circulars/search-result/search_doc=&department=&category=Microfinance&circular-type=&circular_start_date=&circular_end_date=
2026-08-28 14:41:27 [INFO] Page 1 of 2: found 30 circular(s)
2026-08-28 14:41:28 [INFO] Loading page 2: https://www.sbp.org.pk/circulars/search-result/search_doc=&department=&category=Microfinance&circular-type=&circular_start_date=&circular_end_date=/P30
2026-08-28 14:41:38 [INFO] Page 2 of 2: found 15 circular(s)
2026-08-28 14:41:38 [INFO] Collected 45 circular(s) across 2 page(s).
2026-08-28 14:41:38 [INFO] Scraped 45 circular row(s) from the site this run
2026-08-28 14:41:38 [INFO] No change: counts and URLs match the previous run.
2026-08-28 14:41:38 [INFO] Base file updated to this run's 45 row(s). Run finished OK.
2026-08-29 09:30:40 [INFO] ============================================================
2026-08-29 09:30:40 [INFO] Run started (output=sbp_circulars.csv, category='Microfinance', department='')
2026-08-29 09:30:40 [INFO] Base file has 45 row(s) from the last run
2026-08-29 09:30:40 [INFO] Loading page 1: https://www.sbp.org.pk/circulars/search-result/search_doc=&department=&category=Microfinance&circular-type=&circular_start_date=&circular_end_date=
2026-08-29 09:30:54 [INFO] Page 1 of 2: found 30 circular(s)
2026-08-29 09:30:55 [INFO] Loading page 2: https://www.sbp.org.pk/circulars/search-result/search_doc=&department=&category=Microfinance&circular-type=&circular_start_date=&circular_end_date=/P30
2026-08-29 09:31:05 [INFO] Page 2 of 2: found 15 circular(s)
2026-08-29 09:31:05 [INFO] Collected 45 circular(s) across 2 page(s).
2026-08-29 09:31:05 [INFO] Scraped 45 circular row(s) from the site this run
2026-08-29 09:31:05 [INFO] No change: counts and URLs match the previous run.
2026-08-29 09:31:05 [INFO] Base file updated to this run's 45 row(s). Run finished OK.
